PowerShell 7.4.4
PS C:\Users\kushal> date; dotnet --info; date; cd C:\Users\kushal\src\dotnet\CleanArchitecture90120231201\; date; git status; date; git add .; date; git commit -m "add all files" -m "from terminal"; date; gitpush origin --all; date; git remote show origin; date;

Thursday, August 1, 2024 3:32:22 AM
.NET SDK:
 Version:           9.0.100-preview.6.24328.19
 Commit:            ef4c241666
 Workload version:  9.0.100-manifests.bbb3781c
 MSBuild version:   17.11.0-preview-24318-05+4a45d5633

Runtime Environment:
 OS Name:     Windows
 OS Version:  10.0.22631
 OS Platform: Windows
 RID:         win-x64
 Base Path:   C:\Program Files\dotnet\sdk\9.0.100-preview.6.24328.19\

.NET workloads installed:
Configured to use loose manifests when installing new manifests.
 [aspire]
   Installation Source: VS 17.11.35118.90, VS 17.10.35122.118
   Manifest Version:    8.0.1/8.0.100
   Manifest Path:       C:\Program Files\dotnet\sdk-manifests\8.0.100\microsoft.net.sdk.aspire\8.0.1\WorkloadManifest.json
   Install Type:        FileBased


Host:
  Version:      9.0.0-preview.6.24327.7
  Architecture: x64
  Commit:       static

.NET SDKs installed:
  8.0.303 [C:\Program Files\dotnet\sdk]
  8.0.400-preview.0.24324.5 [C:\Program Files\dotnet\sdk]
  9.0.100-preview.6.24328.19 [C:\Program Files\dotnet\sdk]

.NET runtimes installed:
  Microsoft.AspNetCore.App 8.0.5 [C:\Program Files\dotnet\shared\Microsoft.AspNetCore.App]
  Microsoft.AspNetCore.App 8.0.7 [C:\Program Files\dotnet\shared\Microsoft.AspNetCore.App]
  Microsoft.AspNetCore.App 9.0.0-preview.6.24328.4 [C:\Program Files\dotnet\shared\Microsoft.AspNetCore.App]
  Microsoft.NETCore.App 8.0.5 [C:\Program Files\dotnet\shared\Microsoft.NETCore.App]
  Microsoft.NETCore.App 8.0.7 [C:\Program Files\dotnet\shared\Microsoft.NETCore.App]
  Microsoft.NETCore.App 9.0.0-preview.6.24327.7 [C:\Program Files\dotnet\shared\Microsoft.NETCore.App]
  Microsoft.WindowsDesktop.App 8.0.5 [C:\Program Files\dotnet\shared\Microsoft.WindowsDesktop.App]
  Microsoft.WindowsDesktop.App 8.0.7 [C:\Program Files\dotnet\shared\Microsoft.WindowsDesktop.App]
  Microsoft.WindowsDesktop.App 9.0.0-preview.6.24327.6 [C:\Program Files\dotnet\shared\Microsoft.WindowsDesktop.App]

Other architectures found:
  x86   [C:\Program Files (x86)\dotnet]
    registered at [HKLM\SOFTWARE\dotnet\Setup\InstalledVersions\x86\InstallLocation]

Environment variables:
  Not set

global.json file:
  Not found

Learn more:
  https://aka.ms/dotnet/info

Download .NET:
  https://aka.ms/dotnet/download
Thursday, August 1, 2024 3:32:23 AM
Thursday, August 1, 2024 3:32:23 AM
On branch master
nothing to commit, working tree clean
Thursday, August 1, 2024 3:32:23 AM
Thursday, August 1, 2024 3:32:23 AM
On branch master
nothing to commit, working tree clean
Thursday, August 1, 2024 3:32:23 AM
Everything up-to-date
Thursday, August 1, 2024 3:32:25 AM
* remote origin
  Fetch URL: git@github.com:patstha/CleanArchitecture90120231201.git
  Push  URL: git@github.com:patstha/CleanArchitecture90120231201.git
  HEAD branch: master
  Remote branch:
    master tracked
  Local ref configured for 'git push':
    master pushes to master (up to date)
Thursday, August 1, 2024 3:32:26 AM

PS C:\Users\kushal\src\dotnet\CleanArchitecture90120231201> date; winget source update; date; winget upgrade; date; winget upgrade --all --include-unknown; date;

Thursday, August 1, 2024 3:32:29 AM
Updating all sources...
Updating source: msstore...
Done
Updating source: winget...
  ██████████████████████████████  100%
Done
Thursday, August 1, 2024 3:32:33 AM
No installed package found matching input criteria.
Thursday, August 1, 2024 3:32:37 AM
No installed package found matching input criteria.
Thursday, August 1, 2024 3:32:41 AM

PS C:\Users\kushal\src\dotnet\CleanArchitecture90120231201> ssh kushal@kusfedoravm
kushal@kusfedoravm's password:
Last login: Tue Jul 30 17:41:21 2024 from fe80::975c:f636:bfb:5026%eth0
kushal@kusfedoravm:~$ sudo echo "Current date and time: $(date)"; time sudo dnf offline-upgrade download -y && time sudo dnf offline-upgrade reboot;
[sudo] password for kushal:
Current date and time: Thu Aug  1 03:34:01 AM EDT 2024
Fedora 40 - x86_64                                                                                                                                                               186 kB/s |  28 kB     00:00
Fedora 40 openh264 (From Cisco) - x86_64                                                                                                                                         3.5 kB/s | 989  B     00:00
Fedora 40 - x86_64 - Updates                                                                                                                                                      75 kB/s |  28 kB     00:00
Fedora 40 - x86_64 - Updates                                                                                                                                                     4.4 MB/s | 4.0 MB     00:00
Dependencies resolved.
=================================================================================================================================================================================================================
 Package                                                         Architecture                          Version                                                      Repository                              Size
=================================================================================================================================================================================================================
Installing:
 kernel                                                          x86_64                                6.9.12-200.fc40                                              updates                                170 k
Upgrading:
 crypto-policies                                                 noarch                                20240725-1.git28d3e2d.fc40                                   updates                                 99 k
 crypto-policies-scripts                                         noarch                                20240725-1.git28d3e2d.fc40                                   updates                                119 k
 editorconfig-libs                                               x86_64                                0.12.9-1.fc40                                                updates                                 28 k
 firefox                                                         x86_64                                128.0.3-1.fc40                                               updates                                 70 M
 firefox-langpacks                                               x86_64                                128.0.3-1.fc40                                               updates                                 47 M
 gst-editing-services                                            x86_64                                1.24.6-1.fc40                                                updates                                485 k
 gstreamer1                                                      x86_64                                1.24.6-1.fc40                                                updates                                1.6 M
 gstreamer1-plugin-libav                                         x86_64                                1.24.6-1.fc40                                                updates                                204 k
 gstreamer1-plugin-openh264                                      x86_64                                1.24.6-1.fc40                                                updates                                 37 k
 gstreamer1-plugins-bad-free                                     x86_64                                1.24.6-1.fc40                                                updates                                2.8 M
 gstreamer1-plugins-bad-free-libs                                x86_64                                1.24.6-1.fc40                                                updates                                925 k
 gstreamer1-plugins-base                                         x86_64                                1.24.6-1.fc40                                                updates                                2.2 M
 gstreamer1-plugins-good                                         x86_64                                1.24.6-1.fc40                                                updates                                2.4 M
 gstreamer1-plugins-good-gtk                                     x86_64                                1.24.6-1.fc40                                                updates                                 33 k
 gstreamer1-plugins-good-qt                                      x86_64                                1.24.6-1.fc40                                                updates                                 71 k
 gstreamer1-plugins-good-qt6                                     x86_64                                1.24.6-1.fc40                                                updates                                 80 k
 gstreamer1-plugins-ugly-free                                    x86_64                                1.24.6-1.fc40                                                updates                                245 k
 ibus-typing-booster                                             noarch                                2.25.14-1.fc40                                               updates                                1.2 M
 python3-boto3                                                   noarch                                1.34.149-1.fc40                                              updates                                385 k
 python3-botocore                                                noarch                                1.34.149-1.fc40                                              updates                                7.2 M
 xen-libs                                                        x86_64                                4.18.2-4.fc40                                                updates                                645 k
 xen-licenses                                                    x86_64                                4.18.2-4.fc40                                                updates                                 53 k
Installing dependencies:
 kernel-core                                                     x86_64                                6.9.12-200.fc40                                              updates                                 17 M
 kernel-modules                                                  x86_64                                6.9.12-200.fc40                                              updates                                 63 M
 kernel-modules-core                                             x86_64                                6.9.12-200.fc40                                              updates                                 37 M
 kernel-modules-extra                                            x86_64                                6.9.12-200.fc40                                              updates                                2.9 M

Transaction Summary
=================================================================================================================================================================================================================
Install   5 Packages
Upgrade  22 Packages

Total download size: 258 M
DNF will only download packages, install gpg keys, and check the transaction.
Downloading Packages:
[MIRROR] kernel-6.9.12-200.fc40.x86_64.rpm: Status code: 404 for http://mirror.web-ster.com/fedora/updates/40/Everything/x86_64/Packages/k/kernel-6.9.12-200.fc40.x86_64.rpm (IP: 65.182.224.39)
[MIRROR] kernel-core-6.9.12-200.fc40.x86_64.rpm: Status code: 404 for http://mirror.web-ster.com/fedora/updates/40/Everything/x86_64/Packages/k/kernel-core-6.9.12-200.fc40.x86_64.rpm (IP: 65.182.224.39)
[MIRROR] kernel-modules-6.9.12-200.fc40.x86_64.rpm: Status code: 404 for http://mirror.web-ster.com/fedora/updates/40/Everything/x86_64/Packages/k/kernel-modules-6.9.12-200.fc40.x86_64.rpm (IP: 65.182.224.39)
[MIRROR] kernel-modules-6.9.12-200.fc40.x86_64.rpm: Status code: 404 for https://mirror.web-ster.com/fedora/updates/40/Everything/x86_64/Packages/k/kernel-modules-6.9.12-200.fc40.x86_64.rpm (IP: 65.182.224.39)
[MIRROR] kernel-core-6.9.12-200.fc40.x86_64.rpm: Status code: 404 for https://mirror.web-ster.com/fedora/updates/40/Everything/x86_64/Packages/k/kernel-core-6.9.12-200.fc40.x86_64.rpm (IP: 65.182.224.39)
[MIRROR] kernel-6.9.12-200.fc40.x86_64.rpm: Status code: 404 for https://mirror.web-ster.com/fedora/updates/40/Everything/x86_64/Packages/k/kernel-6.9.12-200.fc40.x86_64.rpm (IP: 65.182.224.39)
(1/27): kernel-6.9.12-200.fc40.x86_64.rpm                                                                                                                                        278 kB/s | 170 kB     00:00
[MIRROR] kernel-modules-core-6.9.12-200.fc40.x86_64.rpm: Status code: 404 for http://mirror.web-ster.com/fedora/updates/40/Everything/x86_64/Packages/k/kernel-modules-core-6.9.12-200.fc40.x86_64.rpm (IP: 65.182.224.39)
(2/27): kernel-core-6.9.12-200.fc40.x86_64.rpm                                                                                                                                   6.3 MB/s |  17 MB     00:02
(3/27): kernel-modules-extra-6.9.12-200.fc40.x86_64.rpm                                                                                                                          7.3 MB/s | 2.9 MB     00:00
(4/27): crypto-policies-20240725-1.git28d3e2d.fc40.noarch.rpm                                                                                                                    1.6 MB/s |  99 kB     00:00
(5/27): crypto-policies-scripts-20240725-1.git28d3e2d.fc40.noarch.rpm                                                                                                            357 kB/s | 119 kB     00:00
(6/27): editorconfig-libs-0.12.9-1.fc40.x86_64.rpm                                                                                                                               845 kB/s |  28 kB     00:00
(7/27): kernel-modules-core-6.9.12-200.fc40.x86_64.rpm                                                                                                                            10 MB/s |  37 MB     00:03
(8/27): firefox-langpacks-128.0.3-1.fc40.x86_64.rpm                                                                                                                               13 MB/s |  47 MB     00:03
(9/27): gst-editing-services-1.24.6-1.fc40.x86_64.rpm                                                                                                                            7.1 MB/s | 485 kB     00:00
(10/27): gstreamer1-1.24.6-1.fc40.x86_64.rpm                                                                                                                                     8.2 MB/s | 1.6 MB     00:00
(11/27): gstreamer1-plugin-libav-1.24.6-1.fc40.x86_64.rpm                                                                                                                        6.7 MB/s | 204 kB     00:00
(12/27): gstreamer1-plugin-openh264-1.24.6-1.fc40.x86_64.rpm                                                                                                                     1.4 MB/s |  37 kB     00:00
(13/27): gstreamer1-plugins-bad-free-1.24.6-1.fc40.x86_64.rpm                                                                                                                    9.0 MB/s | 2.8 MB     00:00
(14/27): gstreamer1-plugins-bad-free-libs-1.24.6-1.fc40.x86_64.rpm                                                                                                               7.3 MB/s | 925 kB     00:00
(15/27): gstreamer1-plugins-base-1.24.6-1.fc40.x86_64.rpm                                                                                                                        9.3 MB/s | 2.2 MB     00:00
(16/27): gstreamer1-plugins-good-1.24.6-1.fc40.x86_64.rpm                                                                                                                        9.0 MB/s | 2.4 MB     00:00
(17/27): gstreamer1-plugins-good-gtk-1.24.6-1.fc40.x86_64.rpm                                                                                                                    939 kB/s |  33 kB     00:00
(18/27): gstreamer1-plugins-good-qt-1.24.6-1.fc40.x86_64.rpm                                                                                                                     2.4 MB/s |  71 kB     00:00
(19/27): gstreamer1-plugins-good-qt6-1.24.6-1.fc40.x86_64.rpm                                                                                                                    2.7 MB/s |  80 kB     00:00
(20/27): gstreamer1-plugins-ugly-free-1.24.6-1.fc40.x86_64.rpm                                                                                                                   5.0 MB/s | 245 kB     00:00
(21/27): ibus-typing-booster-2.25.14-1.fc40.noarch.rpm                                                                                                                           8.6 MB/s | 1.2 MB     00:00
(22/27): python3-boto3-1.34.149-1.fc40.noarch.rpm                                                                                                                                6.5 MB/s | 385 kB     00:00
(23/27): python3-botocore-1.34.149-1.fc40.noarch.rpm                                                                                                                              11 MB/s | 7.2 MB     00:00
(24/27): xen-libs-4.18.2-4.fc40.x86_64.rpm                                                                                                                                       7.6 MB/s | 645 kB     00:00
(25/27): xen-licenses-4.18.2-4.fc40.x86_64.rpm                                                                                                                                   1.3 MB/s |  53 kB     00:00
(26/27): kernel-modules-6.9.12-200.fc40.x86_64.rpm                                                                                                                               5.6 MB/s |  63 MB     00:11
(27/27): firefox-128.0.3-1.fc40.x86_64.rpm                                                                                                                                       6.1 MB/s |  70 MB     00:11
-----------------------------------------------------------------------------------------------------------------------------------------------------------------------------------------------------------------
Total                                                                                                                                                                             17 MB/s | 258 MB     00:15
Running transaction check
Transaction check succeeded.
Running transaction test
Transaction test succeeded.
Complete!
Transaction saved to /var/lib/dnf/system-upgrade/system-upgrade-transaction.json.
Download complete! Use 'dnf offline-upgrade reboot' to start the upgrade.
To remove cached metadata and transaction use 'dnf offline-upgrade clean'
The downloaded packages were saved in cache until the next successful transaction.
You can remove cached packages by executing 'dnf clean packages'.

real    0m23.037s
user    0m0.006s
sys     0m0.027s

Broadcast message from root@kusfedoravm on pts/1 (Thu 2024-08-01 03:34:29 EDT):

The system will reboot now!

Connection to kusfedoravm closed by remote host.
Connection to kusfedoravm closed.
PS C:\Users\kushal\src\dotnet\CleanArchitecture90120231201> date; dotnet --info; date; cd C:\Users\kushal\src\dotnet\CleanArchitecture90120231201\; date; git status; date; git add .; date; git commit -m "add all files" -m "from terminal"; date; git push origin --all; date; git remote show origin; date;

Thursday, August 1, 2024 3:34:42 AM
.NET SDK:
 Version:           9.0.100-preview.6.24328.19
 Commit:            ef4c241666
 Workload version:  9.0.100-manifests.bbb3781c
 MSBuild version:   17.11.0-preview-24318-05+4a45d5633

Runtime Environment:
 OS Name:     Windows
 OS Version:  10.0.22631
 OS Platform: Windows
 RID:         win-x64
 Base Path:   C:\Program Files\dotnet\sdk\9.0.100-preview.6.24328.19\

.NET workloads installed:
Configured to use loose manifests when installing new manifests.
 [aspire]
   Installation Source: VS 17.11.35118.90, VS 17.10.35122.118
   Manifest Version:    8.0.1/8.0.100
   Manifest Path:       C:\Program Files\dotnet\sdk-manifests\8.0.100\microsoft.net.sdk.aspire\8.0.1\WorkloadManifest.json
   Install Type:        FileBased


Host:
  Version:      9.0.0-preview.6.24327.7
  Architecture: x64
  Commit:       static

.NET SDKs installed:
  8.0.303 [C:\Program Files\dotnet\sdk]
  8.0.400-preview.0.24324.5 [C:\Program Files\dotnet\sdk]
  9.0.100-preview.6.24328.19 [C:\Program Files\dotnet\sdk]

.NET runtimes installed:
  Microsoft.AspNetCore.App 8.0.5 [C:\Program Files\dotnet\shared\Microsoft.AspNetCore.App]
  Microsoft.AspNetCore.App 8.0.7 [C:\Program Files\dotnet\shared\Microsoft.AspNetCore.App]
  Microsoft.AspNetCore.App 9.0.0-preview.6.24328.4 [C:\Program Files\dotnet\shared\Microsoft.AspNetCore.App]
  Microsoft.NETCore.App 8.0.5 [C:\Program Files\dotnet\shared\Microsoft.NETCore.App]
  Microsoft.NETCore.App 8.0.7 [C:\Program Files\dotnet\shared\Microsoft.NETCore.App]
  Microsoft.NETCore.App 9.0.0-preview.6.24327.7 [C:\Program Files\dotnet\shared\Microsoft.NETCore.App]
  Microsoft.WindowsDesktop.App 8.0.5 [C:\Program Files\dotnet\shared\Microsoft.WindowsDesktop.App]
  Microsoft.WindowsDesktop.App 8.0.7 [C:\Program Files\dotnet\shared\Microsoft.WindowsDesktop.App]
  Microsoft.WindowsDesktop.App 9.0.0-preview.6.24327.6 [C:\Program Files\dotnet\shared\Microsoft.WindowsDesktop.App]

Other architectures found:
  x86   [C:\Program Files (x86)\dotnet]
    registered at [HKLM\SOFTWARE\dotnet\Setup\InstalledVersions\x86\InstallLocation]

Environment variables:
  Not set

global.json file:
  C:\Users\kushal\src\dotnet\CleanArchitecture90120231201\global.json

Learn more:
  https://aka.ms/dotnet/info

Download .NET:
  https://aka.ms/dotnet/download
Thursday, August 1, 2024 3:34:43 AM
Thursday, August 1, 2024 3:34:43 AM
On branch master
nothing to commit, working tree clean
Thursday, August 1, 2024 3:34:43 AM
Thursday, August 1, 2024 3:34:43 AM
On branch master
nothing to commit, working tree clean
Thursday, August 1, 2024 3:34:43 AM
Everything up-to-date
Thursday, August 1, 2024 3:34:44 AM
* remote origin
  Fetch URL: git@github.com:patstha/CleanArchitecture90120231201.git
  Push  URL: git@github.com:patstha/CleanArchitecture90120231201.git
  HEAD branch: master
  Remote branch:
    master tracked
  Local ref configured for 'git push':
    master pushes to master (up to date)
Thursday, August 1, 2024 3:34:45 AM

PS C:\Users\kushal\src\dotnet\CleanArchitecture90120231201> date; dotnet --info; date; cd C:\Users\kushal\src\dotnet\CleanArchitecture90120231201\; date; git status; date; git add .; date; git commit -m "add all files" -m "from terminal"; date; git push origin --all; date; git remote show origin; date;
