PowerShell 7.4.2

   A new PowerShell stable release is available: v7.4.3
   Upgrade now, or check out the release page at:
     https://aka.ms/PowerShell-Release?tag=v7.4.3

PS C:\Users\kushal> winget install -e --id TablePlus.TablePlus
Found TablePlus [TablePlus.TablePlus] Version 6.1.0
This application is licensed to you by its owner.
Microsoft is not responsible for, nor does it grant any licenses to, third-party packages.
Downloading https://files.tableplus.com/windows/6.1.0/TablePlusSetup.exe
  ██████████████████████████████   215 MB /  215 MB
Successfully verified installer hash
Starting package install...
You cancelled the installation.
Installer failed with exit code: 2
PS C:\Users\kushal> winget install -e --id TablePlus.TablePlus
Found TablePlus [TablePlus.TablePlus] Version 6.1.0
This application is licensed to you by its owner.
Microsoft is not responsible for, nor does it grant any licenses to, third-party packages.
Successfully verified installer hash
Starting package install...
Successfully installed
PS C:\Users\kushal> date; cd C:\Users\kushal\src\dotnet\CleanArchitecture90120231201\; date; git status; date; git add .; date; git commit -m "add all files" -m "from terminal"; date; git push origin --all; date; git remote show origin; date; dotnet build; date; dotnet clean; date; dotnet test; date;

Tuesday, July 9, 2024 11:05:22 PM
Tuesday, July 9, 2024 11:05:22 PM
On branch master
Changes not staged for commit:
  (use "git add <file>..." to update what will be committed)
  (use "git restore <file>..." to discard changes in working directory)
        modified:   docs/PowerShell.txt

no changes added to commit (use "git add" and/or "git commit -a")
Tuesday, July 9, 2024 11:05:22 PM
Tuesday, July 9, 2024 11:05:22 PM
[master ec038dd] add all files
 1 file changed, 149 insertions(+)
Tuesday, July 9, 2024 11:05:22 PM
Enumerating objects: 7, done.
Counting objects: 100% (7/7), done.
Delta compression using up to 8 threads
Compressing objects: 100% (4/4), done.
Writing objects: 100% (4/4), 2.87 KiB | 1.43 MiB/s, done.
Total 4 (delta 1), reused 0 (delta 0), pack-reused 0 (from 0)
remote: Resolving deltas: 100% (1/1), completed with 1 local object.
To github.com:patstha/CleanArchitecture90120231201.git
   c649e8c..ec038dd  master -> master
Tuesday, July 9, 2024 11:05:24 PM
* remote origin
  Fetch URL: git@github.com:patstha/CleanArchitecture90120231201.git
  Push  URL: git@github.com:patstha/CleanArchitecture90120231201.git
  HEAD branch: master
  Remote branch:
    master tracked
  Local ref configured for 'git push':
    master pushes to master (up to date)
Tuesday, July 9, 2024 11:05:25 PM
Restore complete (2.3s)
You are using a preview version of .NET. See: https://aka.ms/dotnet-support-policy
  CleanArchitecture90120231201.Core succeeded (3.3s) → src\CleanArchitecture90120231201.Core\bin\Debug\net9.0\CleanArchitecture90120231201.Core.dll
  CleanArchitecture90120231201.UseCases succeeded (0.4s) → src\CleanArchitecture90120231201.UseCases\bin\Debug\net9.0\CleanArchitecture90120231201.UseCases.dll
  CleanArchitecture90120231201.Infrastructure succeeded (0.7s) → src\CleanArchitecture90120231201.Infrastructure\bin\Debug\net9.0\CleanArchitecture90120231201.Infrastructure.dll
  CleanArchitecture90120231201.UnitTests succeeded (1.4s) → tests\CleanArchitecture90120231201.UnitTests\bin\Debug\net9.0\CleanArchitecture90120231201.UnitTests.dll
  CleanArchitecture90120231201.IntegrationTests succeeded (1.1s) → tests\CleanArchitecture90120231201.IntegrationTests\bin\Debug\net9.0\CleanArchitecture90120231201.IntegrationTests.dll
  CleanArchitecture90120231201.Web succeeded (2.0s) → src\CleanArchitecture90120231201.Web\bin\Debug\net9.0\CleanArchitecture90120231201.Web.dll
  CleanArchitecture90120231201.FunctionalTests succeeded (0.7s) → tests\CleanArchitecture90120231201.FunctionalTests\bin\Debug\net9.0\CleanArchitecture90120231201.FunctionalTests.dll

Build succeeded in 9.8s
Tuesday, July 9, 2024 11:05:35 PM
You are using a preview version of .NET. See: https://aka.ms/dotnet-support-policy

Build succeeded in 2.3s
Tuesday, July 9, 2024 11:05:38 PM
Restore complete (1.4s)
You are using a preview version of .NET. See: https://aka.ms/dotnet-support-policy
  CleanArchitecture90120231201.Core succeeded (0.3s) → src\CleanArchitecture90120231201.Core\bin\Debug\net9.0\CleanArchitecture90120231201.Core.dll
  CleanArchitecture90120231201.UseCases succeeded (0.4s) → src\CleanArchitecture90120231201.UseCases\bin\Debug\net9.0\CleanArchitecture90120231201.UseCases.dll
  CleanArchitecture90120231201.UnitTests succeeded (0.7s) → tests\CleanArchitecture90120231201.UnitTests\bin\Debug\net9.0\CleanArchitecture90120231201.UnitTests.dll
  CleanArchitecture90120231201.Infrastructure succeeded with 1 warning(s) (0.7s) → src\CleanArchitecture90120231201.Infrastructure\bin\Debug\net9.0\CleanArchitecture90120231201.Infrastructure.dll
    C:\Program Files\dotnet\sdk\9.0.100-preview.5.24307.3\Sdks\Microsoft.NET.Sdk\targets\Microsoft.NET.Sdk.targets(290,5): warning NETSDK1206: Found version-specific or distribution-specific runtime identifier(s): win7-x64, win7-x86. Affected libraries: SQLite. In .NET 8.0 and higher, assets for version-specific and distribution-specific runtime identifiers will not be found by default. See https://aka.ms/dotnet/rid-usage for details.
  CleanArchitecture90120231201.Web succeeded with 1 warning(s) (2.1s) → src\CleanArchitecture90120231201.Web\bin\Debug\net9.0\CleanArchitecture90120231201.Web.dll
    C:\Program Files\dotnet\sdk\9.0.100-preview.5.24307.3\Sdks\Microsoft.NET.Sdk\targets\Microsoft.NET.Sdk.targets(290,5): warning NETSDK1206: Found version-specific or distribution-specific runtime identifier(s): win7-x64, win7-x86. Affected libraries: SQLite. In .NET 8.0 and higher, assets for version-specific and distribution-specific runtime identifiers will not be found by default. See https://aka.ms/dotnet/rid-usage for details.
  CleanArchitecture90120231201.FunctionalTests succeeded with 1 warning(s) (1.4s) → tests\CleanArchitecture90120231201.FunctionalTests\bin\Debug\net9.0\CleanArchitecture90120231201.FunctionalTests.dll
    C:\Program Files\dotnet\sdk\9.0.100-preview.5.24307.3\Sdks\Microsoft.NET.Sdk\targets\Microsoft.NET.Sdk.targets(290,5): warning NETSDK1206: Found version-specific or distribution-specific runtime identifier(s): win7-x64, win7-x86. Affected libraries: SQLite. In .NET 8.0 and higher, assets for version-specific and distribution-specific runtime identifiers will not be found by default. See https://aka.ms/dotnet/rid-usage for details.
  CleanArchitecture90120231201.UnitTests test succeeded (8.3s)
  CleanArchitecture90120231201.IntegrationTests succeeded with 1 warning(s) (1.7s) → tests\CleanArchitecture90120231201.IntegrationTests\bin\Debug\net9.0\CleanArchitecture90120231201.IntegrationTests.dll
    C:\Program Files\dotnet\sdk\9.0.100-preview.5.24307.3\Sdks\Microsoft.NET.Sdk\targets\Microsoft.NET.Sdk.targets(290,5): warning NETSDK1206: Found version-specific or distribution-specific runtime identifier(s): win7-x64, win7-x86. Affected libraries: SQLite. In .NET 8.0 and higher, assets for version-specific and distribution-specific runtime identifiers will not be found by default. See https://aka.ms/dotnet/rid-usage for details.
  CleanArchitecture90120231201.IntegrationTests test succeeded (5.1s)
  CleanArchitecture90120231201.FunctionalTests test succeeded (13.7s)

Test summary: total: 9, failed: 0, succeeded: 9, skipped: 0, duration: 17.0s
Build succeeded with 4 warning(s) in 20.2s
Tuesday, July 9, 2024 11:05:59 PM

PS C:\Users\kushal\src\dotnet\CleanArchitecture90120231201> date; cd C:\Users\kushal\src\dotnet\CleanArchitecture90120231201\; date; git status; date; git add .; date; git commit -m "add all files" -m "from terminal"; date; git push origin --all; date; git remote show origin; date; dotnet build; date; dotnet clean; date; dotnet test; date;

Tuesday, July 9, 2024 11:06:51 PM
Tuesday, July 9, 2024 11:06:51 PM
On branch master
Changes not staged for commit:
  (use "git add <file>..." to update what will be committed)
  (use "git restore <file>..." to discard changes in working directory)
        modified:   docs/PowerShell.txt

no changes added to commit (use "git add" and/or "git commit -a")
Tuesday, July 9, 2024 11:06:51 PM
Tuesday, July 9, 2024 11:06:51 PM
[master 7603975] add all files
 1 file changed, 54 insertions(+), 210 deletions(-)
Tuesday, July 9, 2024 11:06:51 PM
Enumerating objects: 7, done.
Counting objects: 100% (7/7), done.
Delta compression using up to 8 threads
Compressing objects: 100% (4/4), done.
Writing objects: 100% (4/4), 1.09 KiB | 1.09 MiB/s, done.
Total 4 (delta 2), reused 0 (delta 0), pack-reused 0 (from 0)
remote: Resolving deltas: 100% (2/2), completed with 2 local objects.
To github.com:patstha/CleanArchitecture90120231201.git
   ec038dd..7603975  master -> master
Tuesday, July 9, 2024 11:06:52 PM
* remote origin
  Fetch URL: git@github.com:patstha/CleanArchitecture90120231201.git
  Push  URL: git@github.com:patstha/CleanArchitecture90120231201.git
  HEAD branch: master
  Remote branch:
    master tracked
  Local ref configured for 'git push':
    master pushes to master (up to date)
Tuesday, July 9, 2024 11:06:53 PM
Restore complete (1.2s)
You are using a preview version of .NET. See: https://aka.ms/dotnet-support-policy
  CleanArchitecture90120231201.Core succeeded (0.2s) → src\CleanArchitecture90120231201.Core\bin\Debug\net9.0\CleanArchitecture90120231201.Core.dll
  CleanArchitecture90120231201.UseCases succeeded (0.3s) → src\CleanArchitecture90120231201.UseCases\bin\Debug\net9.0\CleanArchitecture90120231201.UseCases.dll
  CleanArchitecture90120231201.Infrastructure succeeded (0.3s) → src\CleanArchitecture90120231201.Infrastructure\bin\Debug\net9.0\CleanArchitecture90120231201.Infrastructure.dll
  CleanArchitecture90120231201.UnitTests succeeded (0.3s) → tests\CleanArchitecture90120231201.UnitTests\bin\Debug\net9.0\CleanArchitecture90120231201.UnitTests.dll
  CleanArchitecture90120231201.Web succeeded (0.8s) → src\CleanArchitecture90120231201.Web\bin\Debug\net9.0\CleanArchitecture90120231201.Web.dll
  CleanArchitecture90120231201.IntegrationTests succeeded (1.0s) → tests\CleanArchitecture90120231201.IntegrationTests\bin\Debug\net9.0\CleanArchitecture90120231201.IntegrationTests.dll
  CleanArchitecture90120231201.FunctionalTests succeeded (0.5s) → tests\CleanArchitecture90120231201.FunctionalTests\bin\Debug\net9.0\CleanArchitecture90120231201.FunctionalTests.dll

Build succeeded in 3.9s
Tuesday, July 9, 2024 11:06:57 PM
You are using a preview version of .NET. See: https://aka.ms/dotnet-support-policy

Build succeeded in 2.2s
Tuesday, July 9, 2024 11:07:00 PM
Restore complete (1.4s)
You are using a preview version of .NET. See: https://aka.ms/dotnet-support-policy
  CleanArchitecture90120231201.Core succeeded (0.3s) → src\CleanArchitecture90120231201.Core\bin\Debug\net9.0\CleanArchitecture90120231201.Core.dll
  CleanArchitecture90120231201.UseCases succeeded (0.3s) → src\CleanArchitecture90120231201.UseCases\bin\Debug\net9.0\CleanArchitecture90120231201.UseCases.dll
  CleanArchitecture90120231201.Infrastructure succeeded with 1 warning(s) (0.6s) → src\CleanArchitecture90120231201.Infrastructure\bin\Debug\net9.0\CleanArchitecture90120231201.Infrastructure.dll
    C:\Program Files\dotnet\sdk\9.0.100-preview.5.24307.3\Sdks\Microsoft.NET.Sdk\targets\Microsoft.NET.Sdk.targets(290,5): warning NETSDK1206: Found version-specific or distribution-specific runtime identifier(s): win7-x64, win7-x86. Affected libraries: SQLite. In .NET 8.0 and higher, assets for version-specific and distribution-specific runtime identifiers will not be found by default. See https://aka.ms/dotnet/rid-usage for details.
  CleanArchitecture90120231201.UnitTests succeeded (0.8s) → tests\CleanArchitecture90120231201.UnitTests\bin\Debug\net9.0\CleanArchitecture90120231201.UnitTests.dll
  CleanArchitecture90120231201.Web succeeded with 1 warning(s) (2.0s) → src\CleanArchitecture90120231201.Web\bin\Debug\net9.0\CleanArchitecture90120231201.Web.dll
    C:\Program Files\dotnet\sdk\9.0.100-preview.5.24307.3\Sdks\Microsoft.NET.Sdk\targets\Microsoft.NET.Sdk.targets(290,5): warning NETSDK1206: Found version-specific or distribution-specific runtime identifier(s): win7-x64, win7-x86. Affected libraries: SQLite. In .NET 8.0 and higher, assets for version-specific and distribution-specific runtime identifiers will not be found by default. See https://aka.ms/dotnet/rid-usage for details.
  CleanArchitecture90120231201.FunctionalTests succeeded with 1 warning(s) (1.2s) → tests\CleanArchitecture90120231201.FunctionalTests\bin\Debug\net9.0\CleanArchitecture90120231201.FunctionalTests.dll
    C:\Program Files\dotnet\sdk\9.0.100-preview.5.24307.3\Sdks\Microsoft.NET.Sdk\targets\Microsoft.NET.Sdk.targets(290,5): warning NETSDK1206: Found version-specific or distribution-specific runtime identifier(s): win7-x64, win7-x86. Affected libraries: SQLite. In .NET 8.0 and higher, assets for version-specific and distribution-specific runtime identifiers will not be found by default. See https://aka.ms/dotnet/rid-usage for details.
  CleanArchitecture90120231201.UnitTests test succeeded (5.8s)
  CleanArchitecture90120231201.IntegrationTests succeeded with 1 warning(s) (1.8s) → tests\CleanArchitecture90120231201.IntegrationTests\bin\Debug\net9.0\CleanArchitecture90120231201.IntegrationTests.dll
    C:\Program Files\dotnet\sdk\9.0.100-preview.5.24307.3\Sdks\Microsoft.NET.Sdk\targets\Microsoft.NET.Sdk.targets(290,5): warning NETSDK1206: Found version-specific or distribution-specific runtime identifier(s): win7-x64, win7-x86. Affected libraries: SQLite. In .NET 8.0 and higher, assets for version-specific and distribution-specific runtime identifiers will not be found by default. See https://aka.ms/dotnet/rid-usage for details.
  CleanArchitecture90120231201.IntegrationTests test succeeded (4.8s)
  CleanArchitecture90120231201.FunctionalTests test succeeded (10.8s)

Test summary: total: 9, failed: 0, succeeded: 9, skipped: 0, duration: 13.7s
Build succeeded with 4 warning(s) in 16.8s
Tuesday, July 9, 2024 11:07:17 PM

PS C:\Users\kushal\src\dotnet\CleanArchitecture90120231201> date; cd C:\Users\kushal\src\dotnet\CleanArchitecture90120231201\; date; git status; date; git add .; date; git commit -m "add all files" -m "from terminal"; date; git push origin --all; date; git remote show origin; date; dotnet build; date; dotnet clean; date; dotnet test; date;

Tuesday, July 9, 2024 11:08:09 PM
Tuesday, July 9, 2024 11:08:09 PM
On branch master
Changes not staged for commit:
  (use "git add <file>..." to update what will be committed)
  (use "git restore <file>..." to discard changes in working directory)
        modified:   docs/PowerShell.txt

no changes added to commit (use "git add" and/or "git commit -a")
Tuesday, July 9, 2024 11:08:09 PM
Tuesday, July 9, 2024 11:08:09 PM
[master 265a0d6] add all files
 1 file changed, 72 insertions(+)
Tuesday, July 9, 2024 11:08:09 PM
Enumerating objects: 7, done.
Counting objects: 100% (7/7), done.
Delta compression using up to 8 threads
Compressing objects: 100% (4/4), done.
Writing objects: 100% (4/4), 818 bytes | 818.00 KiB/s, done.
Total 4 (delta 2), reused 0 (delta 0), pack-reused 0 (from 0)
remote: Resolving deltas: 100% (2/2), completed with 2 local objects.
To github.com:patstha/CleanArchitecture90120231201.git
   7603975..265a0d6  master -> master
Tuesday, July 9, 2024 11:08:10 PM
* remote origin
  Fetch URL: git@github.com:patstha/CleanArchitecture90120231201.git
  Push  URL: git@github.com:patstha/CleanArchitecture90120231201.git
  HEAD branch: master
  Remote branch:
    master tracked
  Local ref configured for 'git push':
    master pushes to master (up to date)
Tuesday, July 9, 2024 11:08:12 PM
Restore complete (1.2s)
You are using a preview version of .NET. See: https://aka.ms/dotnet-support-policy
  CleanArchitecture90120231201.Core succeeded (0.2s) → src\CleanArchitecture90120231201.Core\bin\Debug\net9.0\CleanArchitecture90120231201.Core.dll
  CleanArchitecture90120231201.UseCases succeeded (0.2s) → src\CleanArchitecture90120231201.UseCases\bin\Debug\net9.0\CleanArchitecture90120231201.UseCases.dll
  CleanArchitecture90120231201.Infrastructure succeeded (0.3s) → src\CleanArchitecture90120231201.Infrastructure\bin\Debug\net9.0\CleanArchitecture90120231201.Infrastructure.dll
  CleanArchitecture90120231201.UnitTests succeeded (0.4s) → tests\CleanArchitecture90120231201.UnitTests\bin\Debug\net9.0\CleanArchitecture90120231201.UnitTests.dll
  CleanArchitecture90120231201.Web succeeded (0.9s) → src\CleanArchitecture90120231201.Web\bin\Debug\net9.0\CleanArchitecture90120231201.Web.dll
  CleanArchitecture90120231201.IntegrationTests succeeded (1.1s) → tests\CleanArchitecture90120231201.IntegrationTests\bin\Debug\net9.0\CleanArchitecture90120231201.IntegrationTests.dll
  CleanArchitecture90120231201.FunctionalTests succeeded (0.4s) → tests\CleanArchitecture90120231201.FunctionalTests\bin\Debug\net9.0\CleanArchitecture90120231201.FunctionalTests.dll

Build succeeded in 3.9s
Tuesday, July 9, 2024 11:08:16 PM
You are using a preview version of .NET. See: https://aka.ms/dotnet-support-policy

Build succeeded in 2.1s
Tuesday, July 9, 2024 11:08:18 PM
Restore complete (1.2s)
You are using a preview version of .NET. See: https://aka.ms/dotnet-support-policy
  CleanArchitecture90120231201.Core succeeded (0.2s) → src\CleanArchitecture90120231201.Core\bin\Debug\net9.0\CleanArchitecture90120231201.Core.dll
  CleanArchitecture90120231201.UseCases succeeded (0.3s) → src\CleanArchitecture90120231201.UseCases\bin\Debug\net9.0\CleanArchitecture90120231201.UseCases.dll
  CleanArchitecture90120231201.Infrastructure succeeded with 1 warning(s) (0.5s) → src\CleanArchitecture90120231201.Infrastructure\bin\Debug\net9.0\CleanArchitecture90120231201.Infrastructure.dll
    C:\Program Files\dotnet\sdk\9.0.100-preview.5.24307.3\Sdks\Microsoft.NET.Sdk\targets\Microsoft.NET.Sdk.targets(290,5): warning NETSDK1206: Found version-specific or distribution-specific runtime identifier(s): win7-x64, win7-x86. Affected libraries: SQLite. In .NET 8.0 and higher, assets for version-specific and distribution-specific runtime identifiers will not be found by default. See https://aka.ms/dotnet/rid-usage for details.
  CleanArchitecture90120231201.UnitTests succeeded (0.6s) → tests\CleanArchitecture90120231201.UnitTests\bin\Debug\net9.0\CleanArchitecture90120231201.UnitTests.dll
  CleanArchitecture90120231201.Web succeeded with 1 warning(s) (2.1s) → src\CleanArchitecture90120231201.Web\bin\Debug\net9.0\CleanArchitecture90120231201.Web.dll
    C:\Program Files\dotnet\sdk\9.0.100-preview.5.24307.3\Sdks\Microsoft.NET.Sdk\targets\Microsoft.NET.Sdk.targets(290,5): warning NETSDK1206: Found version-specific or distribution-specific runtime identifier(s): win7-x64, win7-x86. Affected libraries: SQLite. In .NET 8.0 and higher, assets for version-specific and distribution-specific runtime identifiers will not be found by default. See https://aka.ms/dotnet/rid-usage for details.
  CleanArchitecture90120231201.FunctionalTests succeeded with 1 warning(s) (1.0s) → tests\CleanArchitecture90120231201.FunctionalTests\bin\Debug\net9.0\CleanArchitecture90120231201.FunctionalTests.dll
    C:\Program Files\dotnet\sdk\9.0.100-preview.5.24307.3\Sdks\Microsoft.NET.Sdk\targets\Microsoft.NET.Sdk.targets(290,5): warning NETSDK1206: Found version-specific or distribution-specific runtime identifier(s): win7-x64, win7-x86. Affected libraries: SQLite. In .NET 8.0 and higher, assets for version-specific and distribution-specific runtime identifiers will not be found by default. See https://aka.ms/dotnet/rid-usage for details.
  CleanArchitecture90120231201.UnitTests test succeeded (4.3s)
  CleanArchitecture90120231201.IntegrationTests succeeded with 1 warning(s) (1.5s) → tests\CleanArchitecture90120231201.IntegrationTests\bin\Debug\net9.0\CleanArchitecture90120231201.IntegrationTests.dll
    C:\Program Files\dotnet\sdk\9.0.100-preview.5.24307.3\Sdks\Microsoft.NET.Sdk\targets\Microsoft.NET.Sdk.targets(290,5): warning NETSDK1206: Found version-specific or distribution-specific runtime identifier(s): win7-x64, win7-x86. Affected libraries: SQLite. In .NET 8.0 and higher, assets for version-specific and distribution-specific runtime identifiers will not be found by default. See https://aka.ms/dotnet/rid-usage for details.
  CleanArchitecture90120231201.IntegrationTests test succeeded (4.3s)
  CleanArchitecture90120231201.FunctionalTests test succeeded (8.5s)

Test summary: total: 9, failed: 0, succeeded: 9, skipped: 0, duration: 11.4s
Build succeeded with 4 warning(s) in 14.0s
Tuesday, July 9, 2024 11:08:33 PM

PS C:\Users\kushal\src\dotnet\CleanArchitecture90120231201> date; cd C:\Users\kushal\src\dotnet\CleanArchitecture90120231201\; date; git status; date; git add .; date; git commit -m "add all files" -m "from terminal"; date; git push origin --all; date; git remote show origin; date; dotnet build; date; dotnet clean; date; dotnet test; date;
